// Vitest Snapshot v1, https://vitest.dev/guide/snapshot.html

exports[`Home > should render homepage unchanged 1`] = `
<div>
  <div
    class="_homeContainer_b18682"
  >
    <main
      class="_main_b18682"
    >
      <div
        class="_start_b18682"
      >
        its-turn-of
         
        !
      </div>
      <div
        class="_boardContainer_b18682"
      >
        <button
          class="_cell_b18682 _cell--0_b18682"
        >
          <span
            class="_playerO_b18682"
          />
        </button>
        <button
          class="_cell_b18682 _cell--1_b18682"
        >
          <span
            class="_playerO_b18682"
          />
        </button>
        <button
          class="_cell_b18682 _cell--2_b18682"
        >
          <span
            class="_playerO_b18682"
          />
        </button>
        <button
          class="_cell_b18682 _cell--3_b18682"
        >
          <span
            class="_playerO_b18682"
          />
        </button>
        <button
          class="_cell_b18682 _cell--4_b18682"
        >
          <span
            class="_playerO_b18682"
          />
        </button>
        <button
          class="_cell_b18682 _cell--5_b18682"
        >
          <span
            class="_playerO_b18682"
          />
        </button>
        <button
          class="_cell_b18682 _cell--6_b18682"
        >
          <span
            class="_playerO_b18682"
          />
        </button>
        <button
          class="_cell_b18682 _cell--7_b18682"
        >
          <span
            class="_playerO_b18682"
          />
        </button>
        <button
          class="_cell_b18682 _cell--8_b18682"
        >
          <span
            class="_playerO_b18682"
          />
        </button>
      </div>
      <div
        class="_restart_b18682"
      >
        <button
          class="_restartBtn_b18682 _restartBtn--disabled_b18682"
          disabled=""
        >
          restart
        </button>
      </div>
    </main>
  </div>
</div>
`;
